EXP_TEST_2PCF_LINES=11
EXP_TEST_2PCF_MD5=1575c32037cd61ea3cdf72855a2e5ee6
EXP_LOADNODES_LINES=707246
EXP_LOADNODES_MD5=15103dcf28ce9ffd1274ac7b720c2736
